%!Adobe-FontList 1.22
%Locale:0x409

%BeginFont
Handler:DirectoryHandler
FontType:Invalid
OutlineFileName:/Users/so/Desktop/Typemade/TypeDesign/FB/Roboto/Roboto-Flex-TN/docs/proof-RobotoFlex/opsz144/RobotoFlex-opsz144-proofs-12x18 Folder/Document fonts/AdobeFnt22.lst
FileLength:1290
FileModTime:648174559
%EndFont

%BeginFont
Handler:DirectoryHandler
FontType:Type1
FontName:MinionPro-Regular
FamilyName:Minion Pro
StyleName:Regular
MenuName:Minion Pro
StyleBits:0
WeightClass:400
WidthClass:5
AngleClass:0
FullName:Minion Pro
WritingScript:Roman
OutlineFileName:/Users/so/Desktop/Typemade/TypeDesign/FB/Roboto/Roboto-Flex-TN/docs/proof-RobotoFlex/opsz144/RobotoFlex-opsz144-proofs-12x18 Folder/Document fonts/MinionPro-Regular.otf
DataFormat:sfntData
UsesStandardEncoding:yes
isCFF:yes
hasSVG:no
VariableFontType:NonVariableFont
FileLength:218640
FileModTime:648052843
DesignSize:110
NameArray:0,Mac,4,Minion Pro
NameArray:0,Win,1,Minion Pro
%EndFont

%BeginFont
Handler:DirectoryHandler
FontType:TrueType
FontName:RobotoFlex-Regular
FamilyName:RobotoFlex
StyleName:Regular
MenuName:RobotoFlex
FamilyPrefix:RobotoFlex
StyleBits:0
WeightClass:400
WidthClass:5
AngleClass:0
FullName:RobotoFlex Regular
WritingScript:Roman
OutlineFileName:/Users/so/Desktop/Typemade/TypeDesign/FB/Roboto/Roboto-Flex-TN/docs/proof-RobotoFlex/opsz144/RobotoFlex-opsz144-proofs-12x18 Folder/Document fonts/RobotoFlex[slnt,wdth,wght,opsz].ttf
DataFormat:sfntData
hasSVG:no
VariableFontType:TrueTypeVariableFont
FileLength:1307200
FileModTime:648174394
NameArray:0,Win,1,RobotoFlex
%EndFont

